// Vitest Snapshot v1

exports[`<Button /> > should render button and match with snapshot 1`] = `
<button
  class="flex flex-row justify-center items-center gap-4 px-7 py-3 text-black bg-gray-500 focus:outline-none font-medium text-sm leading-snug uppercase rounded shadow-md hover:shadow-lg focus:shadow-lg focus:ring-0 active:shadow-lg transition duration-150 ease-in-out w-full"
/>
`
